[2026-07-09T18:00:01.733+0000] {taskinstance.py:1979} INFO - Dependencies all met for dep_context=non-requeueable deps ti=<TaskInstance: marketing_campaign_etl.aggregate_gold scheduled__2026-07-08T00:00:00+00:00 [queued]>
[2026-07-09T18:00:01.748+0000] {taskinstance.py:1979} INFO - Dependencies all met for dep_context=requeueable deps ti=<TaskInstance: marketing_campaign_etl.aggregate_gold scheduled__2026-07-08T00:00:00+00:00 [queued]>
[2026-07-09T18:00:01.749+0000] {taskinstance.py:2193} INFO - Starting attempt 1 of 3
[2026-07-09T18:00:01.766+0000] {taskinstance.py:2217} INFO - Executing <Task(PythonOperator): aggregate_gold> on 2026-07-08 00:00:00+00:00
[2026-07-09T18:00:01.778+0000] {standard_task_runner.py:60} INFO - Started process 259 to run task
[2026-07-09T18:00:01.782+0000] {standard_task_runner.py:87} INFO - Running: ['***', 'tasks', 'run', 'marketing_campaign_etl', 'aggregate_gold', 'scheduled__2026-07-08T00:00:00+00:00', '--job-id', '5', '--raw', '--subdir', 'DAGS_FOLDER/marketing_campaign_dag.py', '--cfg-path', '/tmp/tmpf6dbdokg']
[2026-07-09T18:00:01.785+0000] {standard_task_runner.py:88} INFO - Job 5: Subtask aggregate_gold
[2026-07-09T18:00:01.863+0000] {task_command.py:423} INFO - Running <TaskInstance: marketing_campaign_etl.aggregate_gold scheduled__2026-07-08T00:00:00+00:00 [running]> on host 4680c3384e94
[2026-07-09T18:00:02.247+0000] {taskinstance.py:2513} INFO - Exporting env vars: AIRFLOW_CTX_DAG_OWNER='data-engineering' AIRFLOW_CTX_DAG_ID='marketing_campaign_etl' AIRFLOW_CTX_TASK_ID='aggregate_gold' AIRFLOW_CTX_EXECUTION_DATE='2026-07-08T00:00:00+00:00' AIRFLOW_CTX_TRY_NUMBER='1' AIRFLOW_CTX_DAG_RUN_ID='scheduled__2026-07-08T00:00:00+00:00'
[2026-07-09T18:00:03.208+0000] {logging_mixin.py:188} INFO - Uploadé -> s3://marketing-data/gold/2026-07-08/kpis_campagnes.parquet (15 lignes)
[2026-07-09T18:00:03.229+0000] {logging_mixin.py:188} INFO - Uploadé -> s3://marketing-data/gold/2026-07-08/resume_global.parquet (1 lignes)
[2026-07-09T18:00:03.249+0000] {logging_mixin.py:188} INFO - Uploadé -> s3://marketing-data/gold/latest/kpis_campagnes.parquet (15 lignes)
[2026-07-09T18:00:03.268+0000] {logging_mixin.py:188} INFO - Uploadé -> s3://marketing-data/gold/latest/resume_global.parquet (1 lignes)
[2026-07-09T18:00:03.268+0000] {logging_mixin.py:188} INFO - Agrégation gold terminée pour la date 2026-07-08
[2026-07-09T18:00:03.284+0000] {logging_mixin.py:188} INFO -    campaign_id    plateforme     ctr  taux_conversion  cpa  roi
0      CMP0001    TikTok Ads  0.0345              0.0  NaN -1.0
1      CMP0002  Facebook Ads  0.0192              0.0  NaN -1.0
2      CMP0003    Google Ads  0.0478              0.0  NaN -1.0
3      CMP0004    TikTok Ads  0.0437              0.0  NaN -1.0
4      CMP0005    TikTok Ads  0.0279              0.0  NaN -1.0
5      CMP0006    Google Ads  0.0372              0.0  NaN -1.0
6      CMP0007  LinkedIn Ads  0.0221              0.0  NaN -1.0
7      CMP0008    Google Ads  0.0491              0.0  NaN -1.0
8      CMP0009    TikTok Ads  0.0258              0.0  NaN -1.0
9      CMP0010  Facebook Ads  0.0233              0.0  NaN -1.0
10     CMP0011    Google Ads  0.0344              0.0  NaN -1.0
11     CMP0012    Google Ads  0.0344              0.0  NaN -1.0
12     CMP0013    TikTok Ads  0.0322              0.0  NaN -1.0
13     CMP0014  LinkedIn Ads  0.0064              0.0  NaN -1.0
14     CMP0015    TikTok Ads  0.0145              0.0  NaN -1.0
[2026-07-09T18:00:03.285+0000] {python.py:202} INFO - Done. Returned value was: None
[2026-07-09T18:00:03.301+0000] {taskinstance.py:1149} INFO - Marking task as SUCCESS. dag_id=marketing_campaign_etl, task_id=aggregate_gold, execution_date=20260708T000000, start_date=20260709T180001, end_date=20260709T180003
[2026-07-09T18:00:03.359+0000] {local_task_job_runner.py:234} INFO - Task exited with return code 0
[2026-07-09T18:00:03.392+0000] {taskinstance.py:3312} INFO - 1 downstream tasks scheduled from follow-on schedule check
